// Vitest Snapshot v1, https://vitest.dev/guide/snapshot.html

exports[`C extractor > callRefs 1`] = `
[
  {
    "callKind": "direct",
    "calleeRaw": "printf",
    "callerSymbol": "print_point",
    "character": 2,
    "isIndirect": false,
    "line": 25,
  },
  {
    "callKind": "indirect",
    "calleeRaw": "op",
    "callerSymbol": "apply",
    "character": 15,
    "isIndirect": true,
    "line": 29,
  },
  {
    "callKind": "direct",
    "calleeRaw": "printf",
    "callerSymbol": "apply",
    "character": 2,
    "isIndirect": false,
    "line": 30,
  },
  {
    "callKind": "direct",
    "calleeRaw": "print_point",
    "callerSymbol": "run",
    "character": 2,
    "isIndirect": false,
    "line": 35,
  },
  {
    "callKind": "macro",
    "calleeRaw": "SQUARE",
    "callerSymbol": "run",
    "character": 11,
    "isIndirect": false,
    "line": 37,
  },
  {
    "callKind": "direct",
    "calleeRaw": "printf",
    "callerSymbol": "run",
    "character": 2,
    "isIndirect": false,
    "line": 38,
  },
  {
    "callKind": "indirect",
    "calleeRaw": "fn",
    "callerSymbol": "run",
    "character": 2,
    "isIndirect": true,
    "line": 42,
  },
  {
    "callKind": "direct",
    "calleeRaw": "apply",
    "callerSymbol": "run",
    "character": 2,
    "isIndirect": false,
    "line": 45,
  },
]
`;

exports[`C extractor > imports 1`] = `
[
  {
    "importedNames": [],
    "source": "stdio.h",
  },
  {
    "importedNames": [],
    "source": "stdlib.h",
  },
]
`;

exports[`C extractor > symbols 1`] = `
[
  {
    "endLine": 5,
    "kind": "macro",
    "name": "SQUARE",
    "signature": "#define SQUARE(x) ((x) * (x))",
    "startLine": 4,
  },
  {
    "endLine": 6,
    "kind": "macro",
    "name": "PI",
    "signature": "#define PI 3",
    "startLine": 5,
  },
  {
    "endLine": 12,
    "kind": "struct",
    "name": "Point",
    "signature": "struct Point",
    "startLine": 9,
  },
  {
    "endLine": 14,
    "kind": "struct",
    "name": "Point",
    "signature": "struct Point",
    "startLine": 14,
  },
  {
    "endLine": 22,
    "kind": "function",
    "name": "add",
    "signature": "int add(int a, int b)",
    "startLine": 20,
  },
  {
    "endLine": 26,
    "kind": "function",
    "name": "print_point",
    "signature": "void print_point(Point p)",
    "startLine": 24,
  },
  {
    "endLine": 31,
    "kind": "function",
    "name": "apply",
    "signature": "void apply(BinaryOp op, int a, int b)",
    "startLine": 28,
  },
  {
    "endLine": 46,
    "kind": "function",
    "name": "run",
    "signature": "void run()",
    "startLine": 33,
  },
]
`;

exports[`C# extractor > callRefs 1`] = `
[
  {
    "calleeRaw": "new Greeter",
    "callerSymbol": "Main",
    "character": 26,
    "line": 29,
  },
  {
    "calleeRaw": "Console.WriteLine",
    "callerSymbol": "Main",
    "character": 12,
    "line": 30,
  },
  {
    "calleeRaw": "greeter.Greet",
    "callerSymbol": "Main",
    "character": 30,
    "line": 30,
  },
]
`;

exports[`C# extractor > imports 1`] = `
[
  {
    "importedNames": [
      "System",
    ],
    "source": "System",
  },
  {
    "importedNames": [
      "Generic",
    ],
    "source": "System.Collections.Generic",
  },
]
`;

exports[`C# extractor > symbols 1`] = `
[
  {
    "endLine": 18,
    "kind": "class",
    "name": "Greeter",
    "signature": "public class Greeter",
    "startLine": 5,
  },
  {
    "endLine": 12,
    "kind": "function",
    "name": "Greeter",
    "signature": "public Greeter(string name)",
    "startLine": 9,
  },
  {
    "endLine": 17,
    "kind": "function",
    "name": "Greet",
    "signature": "public string Greet()",
    "startLine": 14,
  },
  {
    "endLine": 23,
    "kind": "interface",
    "name": "ICalculator",
    "signature": "public interface ICalculator",
    "startLine": 20,
  },
  {
    "endLine": 22,
    "kind": "function",
    "name": "Add",
    "signature": "int Add(int a, int b);",
    "startLine": 22,
  },
  {
    "endLine": 32,
    "kind": "class",
    "name": "Program",
    "signature": "public static class Program",
    "startLine": 25,
  },
  {
    "endLine": 31,
    "kind": "function",
    "name": "Main",
    "signature": "public static void Main()",
    "startLine": 27,
  },
]
`;

exports[`C++ extractor > callRefs 1`] = `
[
  {
    "callKind": "direct",
    "calleeRaw": "std::move",
    "callerSymbol": "std::string",
    "character": 45,
    "isIndirect": false,
    "line": 12,
  },
  {
    "callKind": "indirect",
    "calleeRaw": "fn",
    "callerSymbol": "apply",
    "character": 2,
    "isIndirect": true,
    "line": 33,
  },
  {
    "callKind": "direct",
    "calleeRaw": "g.greet",
    "callerSymbol": "run",
    "character": 15,
    "isIndirect": false,
    "line": 45,
  },
  {
    "callKind": "direct",
    "calleeRaw": "add",
    "callerSymbol": "run",
    "character": 12,
    "isIndirect": false,
    "line": 46,
  },
  {
    "callKind": "macro",
    "calleeRaw": "MAX",
    "callerSymbol": "run",
    "character": 10,
    "isIndirect": false,
    "line": 49,
  },
  {
    "callKind": "indirect",
    "calleeRaw": "fp",
    "callerSymbol": "run",
    "character": 2,
    "isIndirect": true,
    "line": 53,
  },
  {
    "callKind": "direct",
    "calleeRaw": "apply",
    "callerSymbol": "run",
    "character": 2,
    "isIndirect": false,
    "line": 56,
  },
  {
    "callKind": "direct",
    "calleeRaw": "cb.on_event",
    "callerSymbol": "run",
    "character": 2,
    "isIndirect": false,
    "line": 61,
  },
  {
    "callKind": "direct",
    "calleeRaw": "wrapped",
    "callerSymbol": "run",
    "character": 2,
    "isIndirect": false,
    "line": 65,
  },
]
`;

exports[`C++ extractor > imports 1`] = `
[
  {
    "importedNames": [],
    "source": "iostream",
  },
  {
    "importedNames": [],
    "source": "string",
  },
  {
    "importedNames": [],
    "source": "functional",
  },
]
`;

exports[`C++ extractor > symbols 1`] = `
[
  {
    "endLine": 6,
    "kind": "macro",
    "name": "MAX",
    "signature": "#define MAX(a, b) ((a) > (b) ? (a) : (b))",
    "startLine": 5,
  },
  {
    "endLine": 7,
    "kind": "macro",
    "name": "VERSION",
    "signature": "#define VERSION 42",
    "startLine": 6,
  },
  {
    "endLine": 20,
    "kind": "class",
    "name": "Greeter",
    "signature": "class Greeter",
    "startLine": 10,
  },
  {
    "endLine": 12,
    "kind": "function",
    "name": "Greeter",
    "signature": "explicit Greeter(std::string name) : name_(std::move(name))",
    "startLine": 12,
  },
  {
    "endLine": 16,
    "kind": "function",
    "name": "",
    "signature": "std::string greet() const",
    "startLine": 14,
  },
  {
    "endLine": 24,
    "kind": "struct",
    "name": "Callback",
    "signature": "struct Callback",
    "startLine": 22,
  },
  {
    "endLine": 30,
    "kind": "function",
    "name": "add",
    "signature": "int add(int a, int b)",
    "startLine": 28,
  },
  {
    "endLine": 34,
    "kind": "function",
    "name": "apply",
    "signature": "void apply(void (*fn)(int), int value)",
    "startLine": 32,
  },
  {
    "endLine": 40,
    "kind": "function",
    "name": "handler",
    "signature": "void handler(int x)",
    "startLine": 38,
  },
  {
    "endLine": 66,
    "kind": "function",
    "name": "run",
    "signature": "void run()",
    "startLine": 42,
  },
]
`;

exports[`Elixir extractor > callRefs 1`] = `
[
  {
    "calleeRaw": "greet",
    "callerSymbol": "",
    "character": 6,
    "line": 4,
  },
  {
    "calleeRaw": "format",
    "callerSymbol": "",
    "character": 7,
    "line": 8,
  },
  {
    "calleeRaw": "to_string",
    "callerSymbol": "",
    "character": 4,
    "line": 9,
  },
  {
    "calleeRaw": "add",
    "callerSymbol": "",
    "character": 6,
    "line": 12,
  },
]
`;

exports[`Elixir extractor > imports 1`] = `
[
  {
    "importedNames": [
      "alias",
    ],
    "source": "",
  },
  {
    "importedNames": [
      "import",
    ],
    "source": "",
  },
]
`;

exports[`Elixir extractor > symbols 1`] = `
[
  {
    "endLine": 13,
    "kind": "module",
    "name": "",
    "signature": "defmodule Sample do",
    "startLine": 0,
  },
  {
    "endLine": 6,
    "kind": "function",
    "name": "",
    "signature": "def greet(name) do",
    "startLine": 4,
  },
  {
    "endLine": 10,
    "kind": "function",
    "name": "",
    "signature": "defp format(value) do",
    "startLine": 8,
  },
  {
    "endLine": 12,
    "kind": "function",
    "name": "",
    "signature": "def add(a, b), do: a + b",
    "startLine": 12,
  },
]
`;

exports[`Haskell extractor > callRefs 1`] = `[]`;

exports[`Haskell extractor > imports 1`] = `
[
  {
    "importedNames": [],
    "source": "Data.List",
  },
  {
    "importedNames": [],
    "source": "",
  },
  {
    "importedNames": [],
    "source": "Data.Map",
  },
  {
    "importedNames": [],
    "source": "",
  },
]
`;

exports[`Haskell extractor > symbols 1`] = `
[
  {
    "endLine": 5,
    "kind": "type",
    "name": "Shape",
    "signature": "data Shape = Circle Double | Rectangle Double Double",
    "startLine": 5,
  },
  {
    "endLine": 9,
    "kind": "signature",
    "name": "greet",
    "signature": "greet :: Name -> String",
    "startLine": 9,
  },
  {
    "endLine": 9,
    "kind": "function",
    "name": "Name",
    "signature": "Name -> String",
    "startLine": 9,
  },
  {
    "endLine": 10,
    "kind": "function",
    "name": "greet",
    "signature": "greet name = "Hello, " ++ name ++ "!"",
    "startLine": 10,
  },
  {
    "endLine": 12,
    "kind": "signature",
    "name": "add",
    "signature": "add :: Int -> Int -> Int",
    "startLine": 12,
  },
  {
    "endLine": 12,
    "kind": "function",
    "name": "Int",
    "signature": "Int -> Int -> Int",
    "startLine": 12,
  },
  {
    "endLine": 12,
    "kind": "function",
    "name": "Int",
    "signature": "Int -> Int",
    "startLine": 12,
  },
  {
    "endLine": 13,
    "kind": "function",
    "name": "add",
    "signature": "add a b = a + b",
    "startLine": 13,
  },
]
`;

exports[`Julia extractor > callRefs 1`] = `
[
  {
    "calleeRaw": "greet",
    "callerSymbol": "",
    "character": 9,
    "line": 10,
  },
  {
    "calleeRaw": "add",
    "callerSymbol": "",
    "character": 9,
    "line": 14,
  },
  {
    "calleeRaw": "main",
    "callerSymbol": "",
    "character": 9,
    "line": 18,
  },
  {
    "calleeRaw": "greet",
    "callerSymbol": "",
    "character": 10,
    "line": 19,
  },
  {
    "calleeRaw": "add",
    "callerSymbol": "",
    "character": 12,
    "line": 20,
  },
  {
    "calleeRaw": "println",
    "callerSymbol": "",
    "character": 4,
    "line": 21,
  },
]
`;

exports[`Julia extractor > imports 1`] = `
[
  {
    "importedNames": [
      "LinearAlgebra",
    ],
    "source": "LinearAlgebra",
  },
  {
    "importedNames": [
      "show",
    ],
    "source": "Base",
  },
]
`;

exports[`Julia extractor > symbols 1`] = `
[
  {
    "endLine": 24,
    "kind": "module",
    "name": "Sample",
    "signature": "module Sample",
    "startLine": 0,
  },
  {
    "endLine": 8,
    "kind": "struct",
    "name": "",
    "signature": "struct Point",
    "startLine": 5,
  },
  {
    "endLine": 12,
    "kind": "function",
    "name": "",
    "signature": "function greet(name::String)::String",
    "startLine": 10,
  },
  {
    "endLine": 16,
    "kind": "function",
    "name": "",
    "signature": "function add(a::Int, b::Int)::Int",
    "startLine": 14,
  },
  {
    "endLine": 22,
    "kind": "function",
    "name": "",
    "signature": "function main()",
    "startLine": 18,
  },
]
`;
